[  0.16s] session: starting testcase 'test_general.py'
[  0.31s] session: device 24650dee (1080x2400)
[  1.54s] screen: live stream 544x1200 via scrcpy (scaled from 1080x2400)
[  1.54s] open(com.amanotes.beathopper): launching app
[  4.01s] find('star-hud'): 1 match(es) at (175, 97)
[  6.14s] find('settings-button'): 1 match(es) at (480, 102)
[  6.14s] wait(1500ms)
[  7.70s] find('star-hud'): 1 match(es) at (175, 97)
[  7.78s] find('settings-button'): 1 match(es) at (480, 102)
[  7.78s] wait(1500ms)
[  9.33s] find('star-hud'): 1 match(es) at (175, 97)
[  9.41s] find('settings-button'): 1 match(es) at (480, 102)
[  9.41s] wait(1500ms)
[ 10.97s] find('star-hud'): 1 match(es) at (175, 97)
[ 11.05s] find('settings-button'): 1 match(es) at (480, 102)
[ 11.05s] wait(1500ms)
[ 12.61s] find('star-hud'): 1 match(es) at (175, 97)
[ 12.69s] find('settings-button'): 1 match(es) at (480, 102)
  PASS  test_general.py :: M? app và vào ???c màn hình Home
[ 15.53s] find('profile-button'): 1 match(es) at (62, 105)
  PASS  test_general.py :: Home header: profile button hi?n th?
[ 15.58s] find('star-hud'): 1 match(es) at (175, 97)
  PASS  test_general.py :: Home header: star HUD hi?n th?
[ 17.23s] find('gem-hud'): 1 match(es) at (315, 96)
  PASS  test_general.py :: Home header: gem HUD hi?n th?
[ 18.53s] find('vip-button'): 1 match(es) at (272, 150)
  PASS  test_general.py :: Home header: VIP button hi?n th?
[ 20.58s] find('vip-mission'): 1 match(es) at (59, 197)
  PASS  test_general.py :: Home header: VIP mission hi?n th?
[ 20.66s] find('settings-button'): 1 match(es) at (480, 102)
  PASS  test_general.py :: Home header: Setting button hi?n th?
[ 23.53s] find('tab-shop'): 1 match(es) at (59, 1155)
  PASS  test_general.py :: Home header: Shop tab hi?n th?
[ 26.15s] find('tab-ball'): 1 match(es) at (205, 1155)
  PASS  test_general.py :: Home header: Ball tab hi?n th?
[ 28.96s] find('tab-discover'): 1 match(es) at (470, 1155)
  PASS  test_general.py :: Home header: Discover tab hi?n th?
[ 29.01s] find('star-hud'): 1 match(es) at (175, 97)
[ 30.58s] readText(4 element(s)): '0'
[ 30.65s] find('gem-hud'): 1 match(es) at (315, 96)
[ 31.54s] readText(4 element(s)): '35 +'
  PASS  test_general.py :: Star HUD ??c ???c s? (=0)
  PASS  test_general.py :: Gem HUD ??c ???c s? (=35)
[ 31.54s] kill(com.amanotes.beathopper): force-stopping app
[ 31.90s] open(com.amanotes.beathopper): launching app
[ 33.67s] find('star-hud'): no match
[ 33.87s] isAdShowing(): no ad (unknown in front)
[ 35.78s] find('close-popup'): no match
[ 38.42s] find('panel-close'): no match
[ 40.50s] find('settings-close'): no match
[ 43.23s] find('tab-home'): no match
[ 44.63s] findText(['Trang ch?', 'Home']): found 'TRANG CHU' at (339, 1163)
[ 44.63s] tap(text 'TRANG CHU'): tapping (673,2326)  [1399ms since frame]
[ 44.99s] wait(2000ms)
[ 47.71s] find('star-hud'): no match
[ 47.98s] isAdShowing(): no ad (ChromeTabbedActivity in front)
[ 50.44s] find('close-popup'): 1 match(es) at (64, 110)
[ 50.44s] tap(1 element(s)): tapping (127,220)  [2457ms since frame]
[ 50.62s] wait(2000ms)
[ 53.46s] find('star-hud'): no match
[ 53.69s] isAdShowing(): no ad (IWUnityPlayerActivity in front)
[ 53.76s] find('close-popup'): 1 match(es) at (64, 110)
[ 53.76s] tap(1 element(s)): tapping (127,220)  [70ms since frame]
[ 53.93s] wait(2000ms)
[ 56.77s] find('star-hud'): no match
[ 57.16s] isAdShowing(): no ad (IWUnityPlayerActivity in front)
[ 59.48s] find('close-popup'): no match
[ 62.12s] find('panel-close'): no match
[ 64.49s] find('settings-close'): no match
[ 67.66s] find('tab-home'): 1 match(es) of 2 variants at (343, 1156)
[ 67.66s] tap(1 element(s)): tapping (681,2312)  [3173ms since frame]
[ 67.80s] wait(2000ms)
[ 70.49s] find('star-hud'): no match
[ 70.66s] isAdShowing(): no ad (IWUnityPlayerActivity in front)
[ 72.77s] find('close-popup'): no match
[ 75.36s] find('panel-close'): no match
[ 77.78s] find('settings-close'): no match
[ 77.83s] find('tab-home'): 1 match(es) of 2 variants at (343, 1156)
[ 77.83s] tap(1 element(s)): tapping (681,2312)  [54ms since frame]
[ 77.95s] wait(2000ms)
[ 80.65s] find('star-hud'): no match
[ 80.80s] isAdShowing(): no ad (IWUnityPlayerActivity in front)
[ 82.86s] find('close-popup'): no match
[ 85.30s] find('panel-close'): no match
[ 87.68s] find('settings-close'): no match
[ 87.74s] find('tab-home'): 1 match(es) of 2 variants at (343, 1156)
[ 87.74s] tap(1 element(s)): tapping (681,2312)  [55ms since frame]
[ 87.86s] wait(2000ms)
[ 90.56s] find('star-hud'): no match
[ 90.72s] isAdShowing(): no ad (IWUnityPlayerActivity in front)
[ 92.79s] find('close-popup'): no match
[ 95.22s] find('panel-close'): no match
[ 97.82s] find('settings-close'): no match
[ 97.89s] find('tab-home'): 1 match(es) of 2 variants at (343, 1156)
[ 97.89s] tap(1 element(s)): tapping (681,2312)  [63ms since frame]
[ 98.04s] wait(2000ms)
[100.78s] find('star-hud'): no match
  FAIL  test_general.py :: M? l?i app sau khi kill
[101.56s] find('star-hud'): no match
[102.30s] find('gem-hud'): 2 match(es) at (110, 87), (522, 801)
[103.57s] readText(4 element(s)): ''
  FAIL  test_general.py :: Star gi? nguyên sau khi kill app (0 -> None)
  FAIL  test_general.py :: Gem gi? nguyên sau khi kill app (35 -> None)
[103.57s] waitUntil(songlist n?p xong): waiting (optional) up to 20000ms
[105.54s] find('song-badge'): 5 match(es) at (87, 804), (87, 577), (87, 1031), (87, 918)...
[105.54s] waitUntil(songlist n?p xong): satisfied after 1 check(s)
[105.59s] find('song-badge'): 5 match(es) at (87, 804), (87, 577), (87, 1031), (87, 918)...
  PASS  test_general.py :: Songlist hi?n th? nhi?u bài hát (th?y 5)
  PASS  test_general.py :: Songlist x?p thành m?t c?t d?c
  PASS  test_general.py :: Các card cách ??u nhau (gap 113-114px)
[107.89s] find('song-ad-lock'): 2 match(es) at (453, 1032), (453, 919)
  PASS  test_general.py :: Hi?n th? ?úng d?ng lock song (2 bài khoá b?i ads)
[109.51s] scrollVerticle(-60): scrolling down 60% of height  [1593ms since frame]
[110.04s] wait(1200ms)
[111.24s] scrollVerticle(-60): scrolling down 60% of height  [3322ms since frame]
[111.77s] wait(1200ms)
[112.97s] scrollVerticle(-60): scrolling down 60% of height  [5049ms since frame]
[113.49s] wait(1200ms)
[114.69s] scrollVerticle(-60): scrolling down 60% of height  [6769ms since frame]
[115.25s] wait(1200ms)
  PASS  test_general.py :: Kéo t?i cu?i danh sách load thêm bài hát (16 m?c m?i)
[118.80s] scrollVerticle(60): scrolling up 60% of height  [2352ms since frame]
[119.35s] wait(400ms)
[119.75s] scrollVerticle(60): scrolling up 60% of height  [3299ms since frame]
[120.28s] wait(400ms)
[120.68s] scrollVerticle(60): scrolling up 60% of height  [4231ms since frame]
[121.20s] wait(400ms)
[121.60s] scrollVerticle(60): scrolling up 60% of height  [5153ms since frame]
[122.15s] wait(400ms)
[122.55s] scrollVerticle(60): scrolling up 60% of height  [6101ms since frame]
[123.09s] wait(400ms)
[123.49s] scrollVerticle(60): scrolling up 60% of height  [7041ms since frame]
[124.04s] wait(400ms)
[124.44s] wait(1500ms)
[126.08s] isAdShowing(): no ad (IWUnityPlayerActivity in front)
[127.75s] find('close-popup'): no match
[129.75s] find('settings-close'): no match
  PASS  test_general.py :: Song info: ??c ???c thông tin trên card (37 dòng)
[132.15s] find('song-badge'): 9 match(es) at (87, 207), (87, 775), (87, 548), (87, 434)...
[132.15s] tap(song-badge): tapping (173,414)  [57ms since frame]
[132.30s] wait(2000ms)
[134.35s] find('song-badge'): 9 match(es) at (87, 775), (87, 548), (87, 434), (87, 889)...
  PASS  test_general.py :: Song preview: app ph?n h?i khi b?m vào bài hát
[134.58s] isAdShowing(): no ad (IWUnityPlayerActivity in front)
[136.27s] find('close-popup'): no match
[138.26s] find('settings-close'): no match
[138.32s] find('song-ad-lock'): 5 match(es) at (453, 208), (453, 94), (453, 435), (453, 890)...
[138.32s] tap(song-ad-lock): tapping (899,416)  [57ms since frame]
[138.45s] wait(2500ms)
[141.13s] isAdShowing(): ad on screen - TTRewardExpressVideoActivity
[142.34s] findText(['không có', 'no ads', 'not available', 'th? l?i']): not found
  PASS  test_general.py :: Song unlock by Ads: ho?c ch?y video, ho?c báo không có video
[142.52s] closeAd(): TTRewardExpressVideoActivity up, waiting up to 90000ms for it to close
[174.85s] closeAd(): tapping close control at (498, 99)  [1493ms since frame]
[176.05s] closeAd(): ad closed after 1 tap(s)
[176.05s] wait(1000ms)
[177.19s] open(com.amanotes.beathopper): launching app
[178.08s] wait(3000ms)
[181.23s] isAdShowing(): no ad (IWUnityPlayerActivity in front)
[183.04s] find('close-popup'): no match
[185.16s] find('settings-close'): no match
[185.88s] find('star-hud'): no match
[187.57s] find('btnAutoplayClose'): no match
[191.72s] find('tab-home'): no match
[192.18s] findText(['Trang ch?', 'Home']): not found
[192.18s] kill(com.amanotes.beathopper): force-stopping app
[192.45s] open(com.amanotes.beathopper): launching app
[194.13s] find('star-hud'): no match
[194.36s] isAdShowing(): no ad (unknown in front)
[196.14s] find('close-popup'): no match
[198.72s] find('panel-close'): no match
[201.15s] find('settings-close'): no match
[204.90s] find('tab-home'): no match
[205.26s] findText(['Trang ch?', 'Home']): not found
[205.26s] wait(2000ms)
[207.32s] find('star-hud'): 1 match(es) at (153, 44)
[207.40s] find('settings-button'): 1 match(es) at (480, 55)
[207.40s] wait(1500ms)
[209.65s] find('star-hud'): no match
[210.38s] find('star-hud'): no match
[210.56s] isAdShowing(): no ad (IWUnityPlayerActivity in front)
[210.63s] find('close-popup'): 1 match(es) at (64, 110)
[210.63s] tap(1 element(s)): tapping (127,220)  [67ms since frame]
[210.77s] wait(2000ms)
[212.82s] find('star-hud'): 1 match(es) at (175, 97)
[212.90s] find('settings-button'): 1 match(es) at (480, 102)
[212.91s] wait(1500ms)
[214.46s] find('star-hud'): 1 match(es) at (175, 97)
[214.54s] find('settings-button'): 1 match(es) at (480, 102)
[214.54s] wait(1500ms)
[216.09s] find('star-hud'): 1 match(es) at (175, 97)
[216.17s] find('settings-button'): 1 match(es) at (480, 102)
[216.17s] wait(1500ms)
[217.73s] find('star-hud'): 1 match(es) at (175, 97)
[217.81s] find('settings-button'): 1 match(es) at (480, 102)
[217.81s] wait(1500ms)
[219.37s] find('star-hud'): 1 match(es) at (175, 97)
[219.45s] find('settings-button'): 1 match(es) at (480, 102)
[219.50s] find('star-hud'): 1 match(es) at (175, 97)
[219.59s] find('settings-button'): 1 match(es) at (480, 102)
[219.59s] waitUntil(home HUD): waiting up to 10000ms
[219.64s] find('star-hud'): 1 match(es) at (175, 97)
[219.64s] waitUntil(home HUD): satisfied after 1 check(s)
[219.72s] find('settings-button'): 1 match(es) at (480, 102)
[219.72s] tap(1 element(s)): tapping (953,204)  [83ms since frame]
[219.86s] waitUntil(màn hình Setting): waiting up to 10000ms
[221.94s] find('settings-close'): no match
[224.81s] find('settings-close'): 1 match(es) at (61, 106)
[224.81s] waitUntil(màn hình Setting): satisfied after 2 check(s)
[225.40s] findText(['C?a hàng', 'Shop']): found 'CUA HANG' at (255, 225)
  PASS  test_general.py :: Setting hi?n th? dòng SHOP
[226.03s] findText(['Cài ??t trò ch?i', 'Game settings']): found 'CAI DAT TRO CHOI' at (289, 349)
  PASS  test_general.py :: Setting hi?n th? dòng GAME SETTINGS
[226.61s] findText(['Ngôn ng?', 'Language']): found 'NGON NGU' at (256, 450)
  PASS  test_general.py :: Setting hi?n th? dòng LANGUAGE
[227.16s] findText(['?ánh giá', 'Rate us']): found 'DANH GIA' at (252, 563)
  PASS  test_general.py :: Setting hi?n th? dòng RATE US
[227.74s] findText(['H??ng d?n', 'How to play']): found 'HUONG DAN' at (263, 674)
  PASS  test_general.py :: Setting hi?n th? dòng HOW TO PLAY
[228.31s] findText(['Chính sách', 'Policy', 'Privacy']): found 'CHiNH SACH BAO MAT' at (309, 800)
  PASS  test_general.py :: Setting hi?n th? dòng POLICY
[228.90s] findText(['Gi?i thi?u', 'Credit', 'About']): found 'GIOI THIEU' at (257, 901)
  PASS  test_general.py :: Setting hi?n th? dòng CREDIT
[229.53s] findText(['Gi?i thi?u', 'Credit', 'About']): found 'GIOI THIEU' at (257, 901)
[230.16s] readText(4 element(s)): 'GIOI THIEU v99.99.1(824_0nlyPass)'
  PASS  test_general.py :: Setting - CREDIT hi?n th? version ('GIOI THIEU v99.99.1(824_0nlyPass)')
[230.24s] find('settings-close'): 1 match(es) at (61, 106)
[230.80s] findText(['C?a hàng', 'Shop']): found 'CUA HANG' at (255, 225)
[230.80s] tap(text 'CUA HANG'): tapping (506,450)  [565ms since frame]
[230.92s] wait(2500ms)
[234.60s] findText(['GEM PACKS', 'kim c??ng', 'DAILY DEALS']): found '2,000 kim cuong' at (106, 1138)
  PASS  test_general.py :: Setting - SHOP m? màn hình shop IAP
[236.76s] find('close-popup'): 1 match(es) at (50, 65)
[236.76s] tap(1 element(s)): tapping (99,130)  [2156ms since frame]
[236.91s] wait(1500ms)
[238.47s] find('settings-close'): 1 match(es) at (61, 106)
[239.05s] findText(['Cài ??t trò ch?i', 'Game settings']): found 'CAI DAT TRO CHOI' at (289, 349)
[239.05s] tap(text 'CAI DAT TRO CHOI'): tapping (574,698)  [582ms since frame]
[239.20s] wait(2000ms)
[241.82s] findText(['Âm thanh', 'Nh?c', 'Sound', 'Music', 'SFX']): found 'AM THANH' at (199, 417)
  PASS  test_general.py :: Setting - GAME SETTINGS hi?n th? cài ??t âm thanh/nh?c n?n
[244.26s] find('panel-close'): no match
[246.29s] find('close-popup'): no match
[246.36s] find('settings-close'): 1 match(es) at (61, 106)
[246.95s] findText(['Ngôn ng?', 'Language']): found 'NGON NGU' at (258, 451)
[246.95s] tap(text 'NGON NGU'): tapping (512,902)  [596ms since frame]
[247.10s] wait(2000ms)
[249.66s] findText(['Portugu', 'Deutsch', 'English']): not found
  FAIL  test_general.py :: Setting - LANGUAGE m? danh sách ngôn ng?
[252.15s] find('panel-close'): no match
[254.18s] find('close-popup'): no match
[254.25s] find('settings-close'): 1 match(es) at (61, 106)
[254.81s] findText(['H??ng d?n', 'How to play']): not found
  FAIL  test_general.py :: Setting - HOW TO PLAY hi?n th? popup h??ng d?n: không tìm th?y dòng ?? b?m
[254.88s] find('settings-close'): 1 match(es) at (61, 106)
[255.51s] findText(['?ánh giá', 'Rate us']): not found
  FAIL  test_general.py :: Setting - RATE US chuy?n sang store: không tìm th?y dòng ?? b?m
[255.57s] find('settings-close'): 1 match(es) at (61, 106)
[256.13s] findText(['Chính sách', 'Policy', 'Privacy']): not found
  FAIL  test_general.py :: Setting - POLICY m? trang web: không tìm th?y dòng ?? b?m
[256.20s] find('settings-close'): 1 match(es) at (61, 106)
[256.20s] tap(1 element(s)): tapping (121,212)  [70ms since frame]
[256.32s] wait(1500ms)
[258.11s] isAdShowing(): no ad (IWUnityPlayerActivity in front)
[260.10s] find('close-popup'): no match
[260.17s] find('settings-close'): 1 match(es) at (61, 106)
[260.17s] tap(1 element(s)): tapping (121,212)  [63ms since frame]
[260.30s] wait(1200ms)
[261.65s] isAdShowing(): no ad (IWUnityPlayerActivity in front)
[263.73s] find('close-popup'): no match
[263.79s] find('settings-close'): 1 match(es) at (61, 106)
[263.79s] tap(1 element(s)): tapping (121,212)  [63ms since frame]
[263.92s] wait(1200ms)
[265.30s] isAdShowing(): no ad (IWUnityPlayerActivity in front)
[267.31s] find('close-popup'): no match
[267.37s] find('settings-close'): 1 match(es) at (61, 106)
[267.38s] tap(1 element(s)): tapping (121,212)  [62ms since frame]
[267.50s] wait(1200ms)
[270.06s] find('star-hud'): no match
[271.71s] find('btnAutoplayClose'): no match
[275.48s] find('tab-home'): no match
[276.09s] findText(['Trang ch?', 'Home']): not found
[276.09s] kill(com.amanotes.beathopper): force-stopping app
[276.38s] open(com.amanotes.beathopper): launching app
[278.26s] find('star-hud'): no match
[278.50s] isAdShowing(): no ad (unknown in front)
[280.34s] find('close-popup'): no match
[283.02s] find('panel-close'): no match
[285.08s] find('settings-close'): no match
[288.98s] find('tab-home'): no match
[290.08s] findText(['Trang ch?', 'Home']): found 'TRANG CHU' at (339, 1163)
[290.08s] tap(text 'TRANG CHU'): tapping (673,2326)  [1099ms since frame]
[290.26s] wait(2000ms)
[292.99s] find('star-hud'): no match
[293.30s] isAdShowing(): no ad (unknown in front)
[293.35s] find('close-popup'): 1 match(es) at (64, 110)
[293.35s] tap(1 element(s)): tapping (127,220)  [51ms since frame]
[293.54s] wait(2000ms)
[296.24s] find('star-hud'): no match
[296.54s] isAdShowing(): no ad (ChromeTabbedActivity in front)
[296.60s] find('close-popup'): 1 match(es) at (64, 110)
[296.60s] tap(1 element(s)): tapping (127,220)  [56ms since frame]
[296.78s] wait(2000ms)
[299.50s] find('star-hud'): no match
[299.65s] isAdShowing(): no ad (IWUnityPlayerActivity in front)
[299.70s] find('close-popup'): 1 match(es) at (64, 110)
[299.70s] tap(1 element(s)): tapping (127,220)  [52ms since frame]
[299.84s] wait(2000ms)
[302.55s] find('star-hud'): no match
[302.70s] isAdShowing(): no ad (IWUnityPlayerActivity in front)
[304.75s] find('close-popup'): no match
[307.17s] find('panel-close'): no match
[309.40s] find('settings-close'): no match
[309.46s] find('tab-home'): 1 match(es) of 2 variants at (343, 1156)
[309.46s] tap(1 element(s)): tapping (681,2312)  [57ms since frame]
[309.57s] wait(2000ms)
[312.26s] find('star-hud'): no match
[312.44s] isAdShowing(): no ad (IWUnityPlayerActivity in front)
[314.46s] find('close-popup'): no match
[316.89s] find('panel-close'): no match
[319.15s] find('settings-close'): no match
[319.20s] find('tab-home'): 1 match(es) of 2 variants at (343, 1156)
[319.20s] tap(1 element(s)): tapping (681,2312)  [55ms since frame]
[319.33s] wait(2000ms)
[322.02s] find('star-hud'): no match
[322.19s] isAdShowing(): no ad (IWUnityPlayerActivity in front)
[324.20s] find('close-popup'): no match
[326.64s] find('panel-close'): no match
[328.85s] find('settings-close'): no match
[328.90s] find('tab-home'): 1 match(es) of 2 variants at (343, 1156)
[328.90s] tap(1 element(s)): tapping (681,2312)  [53ms since frame]
[329.04s] wait(2000ms)
[331.73s] find('star-hud'): no match
[331.90s] isAdShowing(): no ad (IWUnityPlayerActivity in front)
[333.88s] find('close-popup'): no match
[336.30s] find('panel-close'): no match
[338.52s] find('settings-close'): no match
[338.57s] find('tab-home'): 1 match(es) of 2 variants at (343, 1156)
[338.57s] tap(1 element(s)): tapping (681,2312)  [52ms since frame]
[338.71s] wait(2000ms)
[341.45s] find('star-hud'): no match
[342.15s] find('star-hud'): no match
[343.82s] find('btnAutoplayClose'): no match
[343.87s] find('tab-home'): 1 match(es) of 2 variants at (343, 1156)
[343.87s] tap(1 element(s)): tapping (681,2312)  [54ms since frame]
[344.01s] wait(1500ms)
[346.24s] find('star-hud'): no match
[347.87s] find('btnAutoplayClose'): no match
[347.92s] find('tab-home'): 1 match(es) of 2 variants at (343, 1156)
[347.92s] tap(1 element(s)): tapping (681,2312)  [53ms since frame]
[348.05s] wait(1500ms)
[349.55s] waitUntil(home HUD): waiting up to 10000ms
[350.25s] find('star-hud'): no match
[351.21s] find('star-hud'): no match
[352.16s] find('star-hud'): no match
[353.23s] find('star-hud'): no match
[354.24s] find('star-hud'): no match
[355.22s] find('star-hud'): no match
[356.17s] find('star-hud'): no match
[357.15s] find('star-hud'): no match
[358.11s] find('star-hud'): no match
[359.12s] find('star-hud'): no match
[360.12s] find('star-hud'): no match
  FAIL  waitUntil(home HUD) - timed out after 10000ms
Traceback (most recent call last):
  File "D:\Projects\AndroidAutoBot\.agent\Smoke\test_general.py", line 550, in <module>
    if left:
^^^^^^^^^^^^^
  File "D:\Projects\AndroidAutoBot\.agent\Smoke\test_general.py", line 142, in back_to_home
    kill(app_id)
^^^^^^^^^^^^^^^^^
  File "D:\Projects\AndroidAutoBot\autoplay\__init__.py", line 165, in waitUntil
    return session().waitUntil(
           ^^^^^^^^^^^^^^^^^^^^
  File "D:\Projects\AndroidAutoBot\autoplay\session.py", line 513, in waitUntil
    raise TestFailure(f"waitUntil({name}) timed out after {timeout}ms")
autoplay.session.TestFailure: waitUntil(home HUD) timed out after 10000ms
[360.17s] aborted: TestFailure: waitUntil(home HUD) timed out after 10000ms

TESTCASE test_general.py: FAILED  (30/38 assertions passed)
  aborted: TestFailure: waitUntil(home HUD) timed out after 10000ms
